// Jest Snapshot v1, https://goo.gl/fbAQLP

exports[`Components/Button some test case 1`] = `
<body>
  <div>
    <button>
      Button
    </button>
  </div>
</body>
`;
